>>> SCRIPT LAUNCHED
[INFO] Himalaya backend set to <module 'himalaya.backend.torch_cuda' from '/home/devar_ag/.conda/envs/reasoning-models/lib/python3.10/site-packages/himalaya/backend/torch_cuda.py'> (cuda)
>>> STARTING JOB in mode: across-random
>>> Loaded fMRI data
Processing - ACROSS mode (random)
Encoding for xglm_small – all already done
Encoding for xglm_small – Lang_LH_AntTemp already done
Encoding for xglm_small – Lang_LH_IFG already done
Encoding for xglm_small – Lang_LH_IFGorb already done
Encoding for xglm_small – Lang_LH_MFG already done
Encoding for xglm_small – Lang_LH_PostTemp already done
Encoding for xglm_med – all already done
Encoding for xglm_med – Lang_LH_AntTemp already done
Encoding for xglm_med – Lang_LH_IFG already done
Encoding for xglm_med – Lang_LH_IFGorb already done
Encoding for xglm_med – Lang_LH_MFG already done
Encoding for xglm_med – Lang_LH_PostTemp already done
Encoding for xglm_large – all already done
Encoding for xglm_large – Lang_LH_AntTemp already done
Encoding for xglm_large – Lang_LH_IFG already done
Encoding for xglm_large – Lang_LH_IFGorb already done
Encoding for xglm_large – Lang_LH_MFG already done
Encoding for xglm_large – Lang_LH_PostTemp already done
Encoding for xglm_xl – all already done
Encoding for xglm_xl – Lang_LH_AntTemp already done
Encoding for xglm_xl – Lang_LH_IFG already done
Encoding for xglm_xl – Lang_LH_IFGorb already done
Encoding for xglm_xl – Lang_LH_MFG already done
Encoding for xglm_xl – Lang_LH_PostTemp already done
Encoding for bert_base – all already done
Encoding for bert_base – Lang_LH_AntTemp already done
Encoding for bert_base – Lang_LH_IFG already done
Encoding for bert_base – Lang_LH_IFGorb already done
Encoding for bert_base – Lang_LH_MFG already done
Encoding for bert_base – Lang_LH_PostTemp already done
Encoding for distilmbert – all already done
Encoding for distilmbert – Lang_LH_AntTemp already done
Encoding for distilmbert – Lang_LH_IFG already done
Encoding for distilmbert – Lang_LH_IFGorb already done
Encoding for distilmbert – Lang_LH_MFG already done
Encoding for distilmbert – Lang_LH_PostTemp already done
Encoding for xlmr_base – all already done
Encoding for xlmr_base – Lang_LH_AntTemp already done
Encoding for xlmr_base – Lang_LH_IFG already done
Encoding for xlmr_base – Lang_LH_IFGorb already done
Encoding for xlmr_base – Lang_LH_MFG already done
Encoding for xlmr_base – Lang_LH_PostTemp already done
Encoding for xlmr_large – all already done
Encoding for xlmr_large – Lang_LH_AntTemp already done
Encoding for xlmr_large – Lang_LH_IFG already done
Encoding for xlmr_large – Lang_LH_IFGorb already done
Encoding for xlmr_large – Lang_LH_MFG already done
Encoding for xlmr_large – Lang_LH_PostTemp already done
Encoding for mt5_small – all already done
Encoding for mt5_small – Lang_LH_AntTemp already done
Encoding for mt5_small – Lang_LH_IFG already done
Encoding for mt5_small – Lang_LH_IFGorb already done
Encoding for mt5_small – Lang_LH_MFG already done
Encoding for mt5_small – Lang_LH_PostTemp already done
Encoding for mt5_base – all already done
Encoding for mt5_base – Lang_LH_AntTemp already done
Encoding for mt5_base – Lang_LH_IFG already done
Encoding for mt5_base – Lang_LH_IFGorb already done
Encoding for mt5_base – Lang_LH_MFG already done
Encoding for mt5_base – Lang_LH_PostTemp already done
Encoding for mt5_large – all already done
Encoding for mt5_large – Lang_LH_AntTemp already done
Encoding for mt5_large – Lang_LH_IFG already done
Encoding for mt5_large – Lang_LH_IFGorb already done
Encoding for mt5_large – Lang_LH_MFG already done
Encoding for mt5_large – Lang_LH_PostTemp already done
Encoding for mdeberta – all already done
Encoding for mdeberta – Lang_LH_AntTemp already done
Encoding for mdeberta – Lang_LH_IFG already done
Encoding for mdeberta – Lang_LH_IFGorb already done
Encoding for mdeberta – Lang_LH_MFG already done
Encoding for mdeberta – Lang_LH_PostTemp already done
Encoding for xlm_align – all already done
Encoding for xlm_align – Lang_LH_AntTemp already done
Encoding for xlm_align – Lang_LH_IFG already done
Encoding for xlm_align – Lang_LH_IFGorb already done
Encoding for xlm_align – Lang_LH_MFG already done
Encoding for xlm_align – Lang_LH_PostTemp already done
Encoding for infoxlm_base – all already done
Encoding for infoxlm_base – Lang_LH_AntTemp already done
Encoding for infoxlm_base – Lang_LH_IFG already done
Encoding for infoxlm_base – Lang_LH_IFGorb already done
Encoding for infoxlm_base – Lang_LH_MFG already done
Encoding for infoxlm_base – Lang_LH_PostTemp already done
Encoding for infoxlm_large – all already done
Encoding for infoxlm_large – Lang_LH_AntTemp already done
Encoding for infoxlm_large – Lang_LH_IFG already done
Encoding for infoxlm_large – Lang_LH_IFGorb already done
Encoding for infoxlm_large – Lang_LH_MFG already done
Encoding for infoxlm_large – Lang_LH_PostTemp already done
Encoding for multiminilm – all already done
Encoding for multiminilm – Lang_LH_AntTemp already done
Encoding for multiminilm – Lang_LH_IFG already done
Encoding for multiminilm – Lang_LH_IFGorb already done
Encoding for multiminilm – Lang_LH_MFG already done
Encoding for multiminilm – Lang_LH_PostTemp already done
Encoding for nllb200_distilled_600M – all already done
Encoding for nllb200_distilled_600M – Lang_LH_AntTemp already done
Encoding for nllb200_distilled_600M – Lang_LH_IFG already done
Encoding for nllb200_distilled_600M – Lang_LH_IFGorb already done
Encoding for nllb200_distilled_600M – Lang_LH_MFG already done
Encoding for nllb200_distilled_600M – Lang_LH_PostTemp already done
Encoding for nllb200_distilled_1B – all already done
Encoding for nllb200_distilled_1B – Lang_LH_AntTemp already done
Encoding for nllb200_distilled_1B – Lang_LH_IFG already done
Encoding for nllb200_distilled_1B – Lang_LH_IFGorb already done
Encoding for nllb200_distilled_1B – Lang_LH_MFG already done
Encoding for nllb200_distilled_1B – Lang_LH_PostTemp already done
Encoding for nllb200_1B – all already done
Encoding for nllb200_1B – Lang_LH_AntTemp already done
Encoding for nllb200_1B – Lang_LH_IFG already done
Encoding for nllb200_1B – Lang_LH_IFGorb already done
Encoding for nllb200_1B – Lang_LH_MFG already done
Encoding for nllb200_1B – Lang_LH_PostTemp already done
Encoding for mgpt – all already done
Encoding for mgpt – Lang_LH_AntTemp already done
Encoding for mgpt – Lang_LH_IFG already done
Encoding for mgpt – Lang_LH_IFGorb already done
Encoding for mgpt – Lang_LH_MFG already done
Encoding for mgpt – Lang_LH_PostTemp already done


Training in N-1 languages (across, random)
Encoding for xglm_small – all already done
Encoding for xglm_small – Lang_LH_AntTemp already done
Encoding for xglm_small – Lang_LH_IFG already done
Encoding for xglm_small – Lang_LH_IFGorb already done
Encoding for xglm_small – Lang_LH_MFG already done
Encoding for xglm_small – Lang_LH_PostTemp already done
Encoding for xglm_med – all already done
Encoding for xglm_med – Lang_LH_AntTemp already done
Encoding for xglm_med – Lang_LH_IFG already done
Encoding for xglm_med – Lang_LH_IFGorb already done
Encoding for xglm_med – Lang_LH_MFG already done
Encoding for xglm_med – Lang_LH_PostTemp already done
Encoding for xglm_large – all already done
Encoding for xglm_large – Lang_LH_AntTemp already done
Encoding for xglm_large – Lang_LH_IFG already done
Encoding for xglm_large – Lang_LH_IFGorb already done
Encoding for xglm_large – Lang_LH_MFG already done
Encoding for xglm_large – Lang_LH_PostTemp already done
Encoding for xglm_xl – all already done
Encoding for xglm_xl – Lang_LH_AntTemp already done
Encoding for xglm_xl – Lang_LH_IFG already done
Encoding for xglm_xl – Lang_LH_IFGorb already done
Encoding for xglm_xl – Lang_LH_MFG already done
Encoding for xglm_xl – Lang_LH_PostTemp already done
Encoding for bert_base – all already done
Encoding for bert_base – Lang_LH_AntTemp already done
Encoding for bert_base – Lang_LH_IFG already done
Encoding for bert_base – Lang_LH_IFGorb already done
Encoding for bert_base – Lang_LH_MFG already done
Encoding for bert_base – Lang_LH_PostTemp already done
Encoding for distilmbert – all already done
Encoding for distilmbert – Lang_LH_AntTemp already done
Encoding for distilmbert – Lang_LH_IFG already done
Encoding for distilmbert – Lang_LH_IFGorb already done
Encoding for distilmbert – Lang_LH_MFG already done
Encoding for distilmbert – Lang_LH_PostTemp already done
Encoding for xlmr_base – all already done
Encoding for xlmr_base – Lang_LH_AntTemp already done
Encoding for xlmr_base – Lang_LH_IFG already done
Encoding for xlmr_base – Lang_LH_IFGorb already done
Encoding for xlmr_base – Lang_LH_MFG already done
Encoding for xlmr_base – Lang_LH_PostTemp already done
Encoding for xlmr_large – all already done
Encoding for xlmr_large – Lang_LH_AntTemp already done
Encoding for xlmr_large – Lang_LH_IFG already done
Encoding for xlmr_large – Lang_LH_IFGorb already done
Encoding for xlmr_large – Lang_LH_MFG already done
Encoding for xlmr_large – Lang_LH_PostTemp already done
Encoding for mt5_small – all already done
Encoding for mt5_small – Lang_LH_AntTemp already done
Encoding for mt5_small – Lang_LH_IFG already done
Encoding for mt5_small – Lang_LH_IFGorb already done
Encoding for mt5_small – Lang_LH_MFG already done
Encoding for mt5_small – Lang_LH_PostTemp already done
Encoding for mt5_base – all already done
Encoding for mt5_base – Lang_LH_AntTemp already done
Encoding for mt5_base – Lang_LH_IFG already done
Encoding for mt5_base – Lang_LH_IFGorb already done
Encoding for mt5_base – Lang_LH_MFG already done
Encoding for mt5_base – Lang_LH_PostTemp already done
Encoding for mt5_large – all already done
Encoding for mt5_large – Lang_LH_AntTemp already done
Encoding for mt5_large – Lang_LH_IFG already done
Encoding for mt5_large – Lang_LH_IFGorb already done
Encoding for mt5_large – Lang_LH_MFG already done
Encoding for mt5_large – Lang_LH_PostTemp already done
Encoding for mdeberta – all already done
Encoding for mdeberta – Lang_LH_AntTemp already done
Encoding for mdeberta – Lang_LH_IFG already done
Encoding for mdeberta – Lang_LH_IFGorb already done
Encoding for mdeberta – Lang_LH_MFG already done
Encoding for mdeberta – Lang_LH_PostTemp already done
Encoding for xlm_align – all already done
Encoding for xlm_align – Lang_LH_AntTemp already done
Encoding for xlm_align – Lang_LH_IFG already done
Encoding for xlm_align – Lang_LH_IFGorb already done
Encoding for xlm_align – Lang_LH_MFG already done
Encoding for xlm_align – Lang_LH_PostTemp already done
Encoding for infoxlm_base – all already done
Encoding for infoxlm_base – Lang_LH_AntTemp already done
Encoding for infoxlm_base – Lang_LH_IFG already done
Encoding for infoxlm_base – Lang_LH_IFGorb already done
Encoding for infoxlm_base – Lang_LH_MFG already done
Encoding for infoxlm_base – Lang_LH_PostTemp already done
Encoding for infoxlm_large – all already done
Encoding for infoxlm_large – Lang_LH_AntTemp already done
Encoding for infoxlm_large – Lang_LH_IFG already done
Encoding for infoxlm_large – Lang_LH_IFGorb already done
Encoding for infoxlm_large – Lang_LH_MFG already done
Encoding for infoxlm_large – Lang_LH_PostTemp already done
Encoding for multiminilm – all already done
Encoding for multiminilm – Lang_LH_AntTemp already done
Encoding for multiminilm – Lang_LH_IFG already done
Encoding for multiminilm – Lang_LH_IFGorb already done
Encoding for multiminilm – Lang_LH_MFG already done
Encoding for multiminilm – Lang_LH_PostTemp already done
Encoding for nllb200_distilled_600M – all already done
Encoding for nllb200_distilled_600M – Lang_LH_AntTemp already done
Encoding for nllb200_distilled_600M – Lang_LH_IFG already done
Encoding for nllb200_distilled_600M – Lang_LH_IFGorb already done
Encoding for nllb200_distilled_600M – Lang_LH_MFG already done
Encoding for nllb200_distilled_600M – Lang_LH_PostTemp already done
Encoding for nllb200_distilled_1B – all already done
Encoding for nllb200_distilled_1B – Lang_LH_AntTemp already done
Encoding for nllb200_distilled_1B – Lang_LH_IFG already done
Encoding for nllb200_distilled_1B – Lang_LH_IFGorb already done
Encoding for nllb200_distilled_1B – Lang_LH_MFG already done
Encoding for nllb200_distilled_1B – Lang_LH_PostTemp already done
Encoding for nllb200_1B – all already done
Encoding for nllb200_1B – Lang_LH_AntTemp already done
Encoding for nllb200_1B – Lang_LH_IFG already done
Encoding for nllb200_1B – Lang_LH_IFGorb already done
Encoding for nllb200_1B – Lang_LH_MFG already done
Encoding for nllb200_1B – Lang_LH_PostTemp already done
Encoding for mgpt – all already done
Encoding for mgpt – Lang_LH_AntTemp already done
Encoding for mgpt – Lang_LH_IFG already done


Processing Lang_LH_IFGorb (4/6)

  >>> Circular shift = 26
ACROSS‑CIRC‑MULTITRAIN mgpt | shift=26 | fROI=Lang_LH_IFGorb | layer=0 | mean r=0.040
ACROSS‑CIRC‑MULTITRAIN mgpt | shift=26 | fROI=Lang_LH_IFGorb | layer=1 | mean r=0.074
ACROSS‑CIRC‑MULTITRAIN mgpt | shift=26 | fROI=Lang_LH_IFGorb | layer=2 | mean r=0.055
ACROSS‑CIRC‑MULTITRAIN mgpt | shift=26 | fROI=Lang_LH_IFGorb | layer=3 | mean r=0.045
ACROSS‑CIRC‑MULTITRAIN mgpt | shift=26 | fROI=Lang_LH_IFGorb | layer=4 | mean r=0.014
ACROSS‑CIRC‑MULTITRAIN mgpt | shift=26 | fROI=Lang_LH_IFGorb | layer=5 | mean r=0.006
ACROSS‑CIRC‑MULTITRAIN mgpt | shift=26 | fROI=Lang_LH_IFGorb | layer=6 | mean r=0.010
ACROSS‑CIRC‑MULTITRAIN mgpt | shift=26 | fROI=Lang_LH_IFGorb | layer=7 | mean r=0.003
ACROSS‑CIRC‑MULTITRAIN mgpt | shift=26 | fROI=Lang_LH_IFGorb | layer=8 | mean r=0.021
ACROSS‑CIRC‑MULTITRAIN mgpt | shift=26 | fROI=Lang_LH_IFGorb | layer=9 | mean r=0.018
ACROSS‑CIRC‑MULTITRAIN mgpt | shift=26 | fROI=Lang_LH_IFGorb | layer=10 | mean r=0.015
ACROSS‑CIRC‑MULTITRAIN mgpt | shift=26 | fROI=Lang_LH_IFGorb | layer=11 | mean r=-0.002
ACROSS‑CIRC‑MULTITRAIN mgpt | shift=26 | fROI=Lang_LH_IFGorb | layer=12 | mean r=-0.025
ACROSS‑CIRC‑MULTITRAIN mgpt | shift=26 | fROI=Lang_LH_IFGorb | layer=13 | mean r=-0.016
ACROSS‑CIRC‑MULTITRAIN mgpt | shift=26 | fROI=Lang_LH_IFGorb | layer=14 | mean r=-0.015
ACROSS‑CIRC‑MULTITRAIN mgpt | shift=26 | fROI=Lang_LH_IFGorb | layer=15 | mean r=-0.018
ACROSS‑CIRC‑MULTITRAIN mgpt | shift=26 | fROI=Lang_LH_IFGorb | layer=16 | mean r=-0.023
ACROSS‑CIRC‑MULTITRAIN mgpt | shift=26 | fROI=Lang_LH_IFGorb | layer=17 | mean r=-0.025
ACROSS‑CIRC‑MULTITRAIN mgpt | shift=26 | fROI=Lang_LH_IFGorb | layer=18 | mean r=-0.020
ACROSS‑CIRC‑MULTITRAIN mgpt | shift=26 | fROI=Lang_LH_IFGorb | layer=19 | mean r=-0.018
ACROSS‑CIRC‑MULTITRAIN mgpt | shift=26 | fROI=Lang_LH_IFGorb | layer=20 | mean r=-0.012
ACROSS‑CIRC‑MULTITRAIN mgpt | shift=26 | fROI=Lang_LH_IFGorb | layer=21 | mean r=-0.017
ACROSS‑CIRC‑MULTITRAIN mgpt | shift=26 | fROI=Lang_LH_IFGorb | layer=22 | mean r=-0.005
ACROSS‑CIRC‑MULTITRAIN mgpt | shift=26 | fROI=Lang_LH_IFGorb | layer=23 | mean r=-0.009
ACROSS‑CIRC‑MULTITRAIN mgpt | shift=26 | fROI=Lang_LH_IFGorb | layer=24 | mean r=0.016

  >>> Circular shift = 52
ACROSS‑CIRC‑MULTITRAIN mgpt | shift=52 | fROI=Lang_LH_IFGorb | layer=0 | mean r=-0.041
ACROSS‑CIRC‑MULTITRAIN mgpt | shift=52 | fROI=Lang_LH_IFGorb | layer=1 | mean r=-0.008
ACROSS‑CIRC‑MULTITRAIN mgpt | shift=52 | fROI=Lang_LH_IFGorb | layer=2 | mean r=-0.025
ACROSS‑CIRC‑MULTITRAIN mgpt | shift=52 | fROI=Lang_LH_IFGorb | layer=3 | mean r=0.007
ACROSS‑CIRC‑MULTITRAIN mgpt | shift=52 | fROI=Lang_LH_IFGorb | layer=4 | mean r=-0.008
ACROSS‑CIRC‑MULTITRAIN mgpt | shift=52 | fROI=Lang_LH_IFGorb | layer=5 | mean r=-0.037
ACROSS‑CIRC‑MULTITRAIN mgpt | shift=52 | fROI=Lang_LH_IFGorb | layer=6 | mean r=-0.058
ACROSS‑CIRC‑MULTITRAIN mgpt | shift=52 | fROI=Lang_LH_IFGorb | layer=7 | mean r=-0.069
ACROSS‑CIRC‑MULTITRAIN mgpt | shift=52 | fROI=Lang_LH_IFGorb | layer=8 | mean r=-0.083
ACROSS‑CIRC‑MULTITRAIN mgpt | shift=52 | fROI=Lang_LH_IFGorb | layer=9 | mean r=-0.078
ACROSS‑CIRC‑MULTITRAIN mgpt | shift=52 | fROI=Lang_LH_IFGorb | layer=10 | mean r=-0.065
ACROSS‑CIRC‑MULTITRAIN mgpt | shift=52 | fROI=Lang_LH_IFGorb | layer=11 | mean r=-0.064
ACROSS‑CIRC‑MULTITRAIN mgpt | shift=52 | fROI=Lang_LH_IFGorb | layer=12 | mean r=-0.081
ACROSS‑CIRC‑MULTITRAIN mgpt | shift=52 | fROI=Lang_LH_IFGorb | layer=13 | mean r=-0.084
ACROSS‑CIRC‑MULTITRAIN mgpt | shift=52 | fROI=Lang_LH_IFGorb | layer=14 | mean r=-0.063
ACROSS‑CIRC‑MULTITRAIN mgpt | shift=52 | fROI=Lang_LH_IFGorb | layer=15 | mean r=-0.054
ACROSS‑CIRC‑MULTITRAIN mgpt | shift=52 | fROI=Lang_LH_IFGorb | layer=16 | mean r=-0.053
ACROSS‑CIRC‑MULTITRAIN mgpt | shift=52 | fROI=Lang_LH_IFGorb | layer=17 | mean r=-0.044
ACROSS‑CIRC‑MULTITRAIN mgpt | shift=52 | fROI=Lang_LH_IFGorb | layer=18 | mean r=-0.049
ACROSS‑CIRC‑MULTITRAIN mgpt | shift=52 | fROI=Lang_LH_IFGorb | layer=19 | mean r=-0.043
ACROSS‑CIRC‑MULTITRAIN mgpt | shift=52 | fROI=Lang_LH_IFGorb | layer=20 | mean r=-0.039
ACROSS‑CIRC‑MULTITRAIN mgpt | shift=52 | fROI=Lang_LH_IFGorb | layer=21 | mean r=-0.033
ACROSS‑CIRC‑MULTITRAIN mgpt | shift=52 | fROI=Lang_LH_IFGorb | layer=22 | mean r=-0.021
ACROSS‑CIRC‑MULTITRAIN mgpt | shift=52 | fROI=Lang_LH_IFGorb | layer=23 | mean r=-0.037
ACROSS‑CIRC‑MULTITRAIN mgpt | shift=52 | fROI=Lang_LH_IFGorb | layer=24 | mean r=-0.059

  >>> Circular shift = 78
ACROSS‑CIRC‑MULTITRAIN mgpt | shift=78 | fROI=Lang_LH_IFGorb | layer=0 | mean r=-0.067
ACROSS‑CIRC‑MULTITRAIN mgpt | shift=78 | fROI=Lang_LH_IFGorb | layer=1 | mean r=-0.019
ACROSS‑CIRC‑MULTITRAIN mgpt | shift=78 | fROI=Lang_LH_IFGorb | layer=2 | mean r=-0.008
ACROSS‑CIRC‑MULTITRAIN mgpt | shift=78 | fROI=Lang_LH_IFGorb | layer=3 | mean r=-0.017
ACROSS‑CIRC‑MULTITRAIN mgpt | shift=78 | fROI=Lang_LH_IFGorb | layer=4 | mean r=0.016
ACROSS‑CIRC‑MULTITRAIN mgpt | shift=78 | fROI=Lang_LH_IFGorb | layer=5 | mean r=0.032
ACROSS‑CIRC‑MULTITRAIN mgpt | shift=78 | fROI=Lang_LH_IFGorb | layer=6 | mean r=0.037
ACROSS‑CIRC‑MULTITRAIN mgpt | shift=78 | fROI=Lang_LH_IFGorb | layer=7 | mean r=0.052
ACROSS‑CIRC‑MULTITRAIN mgpt | shift=78 | fROI=Lang_LH_IFGorb | layer=8 | mean r=0.034
ACROSS‑CIRC‑MULTITRAIN mgpt | shift=78 | fROI=Lang_LH_IFGorb | layer=9 | mean r=0.039
ACROSS‑CIRC‑MULTITRAIN mgpt | shift=78 | fROI=Lang_LH_IFGorb | layer=10 | mean r=0.039
ACROSS‑CIRC‑MULTITRAIN mgpt | shift=78 | fROI=Lang_LH_IFGorb | layer=11 | mean r=0.062
ACROSS‑CIRC‑MULTITRAIN mgpt | shift=78 | fROI=Lang_LH_IFGorb | layer=12 | mean r=0.038
ACROSS‑CIRC‑MULTITRAIN mgpt | shift=78 | fROI=Lang_LH_IFGorb | layer=13 | mean r=0.035
ACROSS‑CIRC‑MULTITRAIN mgpt | shift=78 | fROI=Lang_LH_IFGorb | layer=14 | mean r=0.035
ACROSS‑CIRC‑MULTITRAIN mgpt | shift=78 | fROI=Lang_LH_IFGorb | layer=15 | mean r=0.044
ACROSS‑CIRC‑MULTITRAIN mgpt | shift=78 | fROI=Lang_LH_IFGorb | layer=16 | mean r=0.048
ACROSS‑CIRC‑MULTITRAIN mgpt | shift=78 | fROI=Lang_LH_IFGorb | layer=17 | mean r=0.055
ACROSS‑CIRC‑MULTITRAIN mgpt | shift=78 | fROI=Lang_LH_IFGorb | layer=18 | mean r=0.078
ACROSS‑CIRC‑MULTITRAIN mgpt | shift=78 | fROI=Lang_LH_IFGorb | layer=19 | mean r=0.070
ACROSS‑CIRC‑MULTITRAIN mgpt | shift=78 | fROI=Lang_LH_IFGorb | layer=20 | mean r=0.052
ACROSS‑CIRC‑MULTITRAIN mgpt | shift=78 | fROI=Lang_LH_IFGorb | layer=21 | mean r=0.049
ACROSS‑CIRC‑MULTITRAIN mgpt | shift=78 | fROI=Lang_LH_IFGorb | layer=22 | mean r=0.053
ACROSS‑CIRC‑MULTITRAIN mgpt | shift=78 | fROI=Lang_LH_IFGorb | layer=23 | mean r=0.052
ACROSS‑CIRC‑MULTITRAIN mgpt | shift=78 | fROI=Lang_LH_IFGorb | layer=24 | mean r=0.064

  >>> Circular shift = 104
ACROSS‑CIRC‑MULTITRAIN mgpt | shift=104 | fROI=Lang_LH_IFGorb | layer=0 | mean r=-0.004
ACROSS‑CIRC‑MULTITRAIN mgpt | shift=104 | fROI=Lang_LH_IFGorb | layer=1 | mean r=-0.045
ACROSS‑CIRC‑MULTITRAIN mgpt | shift=104 | fROI=Lang_LH_IFGorb | layer=2 | mean r=0.001
ACROSS‑CIRC‑MULTITRAIN mgpt | shift=104 | fROI=Lang_LH_IFGorb | layer=3 | mean r=-0.051
ACROSS‑CIRC‑MULTITRAIN mgpt | shift=104 | fROI=Lang_LH_IFGorb | layer=4 | mean r=-0.029
ACROSS‑CIRC‑MULTITRAIN mgpt | shift=104 | fROI=Lang_LH_IFGorb | layer=5 | mean r=-0.018
ACROSS‑CIRC‑MULTITRAIN mgpt | shift=104 | fROI=Lang_LH_IFGorb | layer=6 | mean r=-0.019
ACROSS‑CIRC‑MULTITRAIN mgpt | shift=104 | fROI=Lang_LH_IFGorb | layer=7 | mean r=0.004
ACROSS‑CIRC‑MULTITRAIN mgpt | shift=104 | fROI=Lang_LH_IFGorb | layer=8 | mean r=0.010
ACROSS‑CIRC‑MULTITRAIN mgpt | shift=104 | fROI=Lang_LH_IFGorb | layer=9 | mean r=0.001
ACROSS‑CIRC‑MULTITRAIN mgpt | shift=104 | fROI=Lang_LH_IFGorb | layer=10 | mean r=-0.008
ACROSS‑CIRC‑MULTITRAIN mgpt | shift=104 | fROI=Lang_LH_IFGorb | layer=11 | mean r=-0.002
ACROSS‑CIRC‑MULTITRAIN mgpt | shift=104 | fROI=Lang_LH_IFGorb | layer=12 | mean r=0.015
ACROSS‑CIRC‑MULTITRAIN mgpt | shift=104 | fROI=Lang_LH_IFGorb | layer=13 | mean r=0.020
ACROSS‑CIRC‑MULTITRAIN mgpt | shift=104 | fROI=Lang_LH_IFGorb | layer=14 | mean r=0.013
ACROSS‑CIRC‑MULTITRAIN mgpt | shift=104 | fROI=Lang_LH_IFGorb | layer=15 | mean r=-0.003
ACROSS‑CIRC‑MULTITRAIN mgpt | shift=104 | fROI=Lang_LH_IFGorb | layer=16 | mean r=0.006
ACROSS‑CIRC‑MULTITRAIN mgpt | shift=104 | fROI=Lang_LH_IFGorb | layer=17 | mean r=0.004
ACROSS‑CIRC‑MULTITRAIN mgpt | shift=104 | fROI=Lang_LH_IFGorb | layer=18 | mean r=0.009
ACROSS‑CIRC‑MULTITRAIN mgpt | shift=104 | fROI=Lang_LH_IFGorb | layer=19 | mean r=0.009
ACROSS‑CIRC‑MULTITRAIN mgpt | shift=104 | fROI=Lang_LH_IFGorb | layer=20 | mean r=0.020
ACROSS‑CIRC‑MULTITRAIN mgpt | shift=104 | fROI=Lang_LH_IFGorb | layer=21 | mean r=0.025
ACROSS‑CIRC‑MULTITRAIN mgpt | shift=104 | fROI=Lang_LH_IFGorb | layer=22 | mean r=0.013
ACROSS‑CIRC‑MULTITRAIN mgpt | shift=104 | fROI=Lang_LH_IFGorb | layer=23 | mean r=0.018
ACROSS‑CIRC‑MULTITRAIN mgpt | shift=104 | fROI=Lang_LH_IFGorb | layer=24 | mean r=0.026


Processing Lang_LH_MFG (5/6)

  >>> Circular shift = 26
ACROSS‑CIRC‑MULTITRAIN mgpt | shift=26 | fROI=Lang_LH_MFG | layer=0 | mean r=0.096
ACROSS‑CIRC‑MULTITRAIN mgpt | shift=26 | fROI=Lang_LH_MFG | layer=1 | mean r=0.075
ACROSS‑CIRC‑MULTITRAIN mgpt | shift=26 | fROI=Lang_LH_MFG | layer=2 | mean r=0.079
ACROSS‑CIRC‑MULTITRAIN mgpt | shift=26 | fROI=Lang_LH_MFG | layer=3 | mean r=0.089
ACROSS‑CIRC‑MULTITRAIN mgpt | shift=26 | fROI=Lang_LH_MFG | layer=4 | mean r=0.083
ACROSS‑CIRC‑MULTITRAIN mgpt | shift=26 | fROI=Lang_LH_MFG | layer=5 | mean r=0.091
ACROSS‑CIRC‑MULTITRAIN mgpt | shift=26 | fROI=Lang_LH_MFG | layer=6 | mean r=0.089
ACROSS‑CIRC‑MULTITRAIN mgpt | shift=26 | fROI=Lang_LH_MFG | layer=7 | mean r=0.087
ACROSS‑CIRC‑MULTITRAIN mgpt | shift=26 | fROI=Lang_LH_MFG | layer=8 | mean r=0.084
ACROSS‑CIRC‑MULTITRAIN mgpt | shift=26 | fROI=Lang_LH_MFG | layer=9 | mean r=0.078
ACROSS‑CIRC‑MULTITRAIN mgpt | shift=26 | fROI=Lang_LH_MFG | layer=10 | mean r=0.073
ACROSS‑CIRC‑MULTITRAIN mgpt | shift=26 | fROI=Lang_LH_MFG | layer=11 | mean r=0.081
ACROSS‑CIRC‑MULTITRAIN mgpt | shift=26 | fROI=Lang_LH_MFG | layer=12 | mean r=0.061
ACROSS‑CIRC‑MULTITRAIN mgpt | shift=26 | fROI=Lang_LH_MFG | layer=13 | mean r=0.076
ACROSS‑CIRC‑MULTITRAIN mgpt | shift=26 | fROI=Lang_LH_MFG | layer=14 | mean r=0.070
ACROSS‑CIRC‑MULTITRAIN mgpt | shift=26 | fROI=Lang_LH_MFG | layer=15 | mean r=0.066
ACROSS‑CIRC‑MULTITRAIN mgpt | shift=26 | fROI=Lang_LH_MFG | layer=16 | mean r=0.063
ACROSS‑CIRC‑MULTITRAIN mgpt | shift=26 | fROI=Lang_LH_MFG | layer=17 | mean r=0.063
ACROSS‑CIRC‑MULTITRAIN mgpt | shift=26 | fROI=Lang_LH_MFG | layer=18 | mean r=0.078
ACROSS‑CIRC‑MULTITRAIN mgpt | shift=26 | fROI=Lang_LH_MFG | layer=19 | mean r=0.076
ACROSS‑CIRC‑MULTITRAIN mgpt | shift=26 | fROI=Lang_LH_MFG | layer=20 | mean r=0.079
ACROSS‑CIRC‑MULTITRAIN mgpt | shift=26 | fROI=Lang_LH_MFG | layer=21 | mean r=0.082
ACROSS‑CIRC‑MULTITRAIN mgpt | shift=26 | fROI=Lang_LH_MFG | layer=22 | mean r=0.078
ACROSS‑CIRC‑MULTITRAIN mgpt | shift=26 | fROI=Lang_LH_MFG | layer=23 | mean r=0.077
ACROSS‑CIRC‑MULTITRAIN mgpt | shift=26 | fROI=Lang_LH_MFG | layer=24 | mean r=0.063

  >>> Circular shift = 52
ACROSS‑CIRC‑MULTITRAIN mgpt | shift=52 | fROI=Lang_LH_MFG | layer=0 | mean r=-0.161
ACROSS‑CIRC‑MULTITRAIN mgpt | shift=52 | fROI=Lang_LH_MFG | layer=1 | mean r=-0.195
ACROSS‑CIRC‑MULTITRAIN mgpt | shift=52 | fROI=Lang_LH_MFG | layer=2 | mean r=-0.202
ACROSS‑CIRC‑MULTITRAIN mgpt | shift=52 | fROI=Lang_LH_MFG | layer=3 | mean r=-0.187
ACROSS‑CIRC‑MULTITRAIN mgpt | shift=52 | fROI=Lang_LH_MFG | layer=4 | mean r=-0.213
ACROSS‑CIRC‑MULTITRAIN mgpt | shift=52 | fROI=Lang_LH_MFG | layer=5 | mean r=-0.216
ACROSS‑CIRC‑MULTITRAIN mgpt | shift=52 | fROI=Lang_LH_MFG | layer=6 | mean r=-0.209
ACROSS‑CIRC‑MULTITRAIN mgpt | shift=52 | fROI=Lang_LH_MFG | layer=7 | mean r=-0.201
ACROSS‑CIRC‑MULTITRAIN mgpt | shift=52 | fROI=Lang_LH_MFG | layer=8 | mean r=-0.209
ACROSS‑CIRC‑MULTITRAIN mgpt | shift=52 | fROI=Lang_LH_MFG | layer=9 | mean r=-0.206
ACROSS‑CIRC‑MULTITRAIN mgpt | shift=52 | fROI=Lang_LH_MFG | layer=10 | mean r=-0.178
ACROSS‑CIRC‑MULTITRAIN mgpt | shift=52 | fROI=Lang_LH_MFG | layer=11 | mean r=-0.170
ACROSS‑CIRC‑MULTITRAIN mgpt | shift=52 | fROI=Lang_LH_MFG | layer=12 | mean r=-0.153
ACROSS‑CIRC‑MULTITRAIN mgpt | shift=52 | fROI=Lang_LH_MFG | layer=13 | mean r=-0.156
ACROSS‑CIRC‑MULTITRAIN mgpt | shift=52 | fROI=Lang_LH_MFG | layer=14 | mean r=-0.161
ACROSS‑CIRC‑MULTITRAIN mgpt | shift=52 | fROI=Lang_LH_MFG | layer=15 | mean r=-0.159
ACROSS‑CIRC‑MULTITRAIN mgpt | shift=52 | fROI=Lang_LH_MFG | layer=16 | mean r=-0.156
ACROSS‑CIRC‑MULTITRAIN mgpt | shift=52 | fROI=Lang_LH_MFG | layer=17 | mean r=-0.146
ACROSS‑CIRC‑MULTITRAIN mgpt | shift=52 | fROI=Lang_LH_MFG | layer=18 | mean r=-0.169
ACROSS‑CIRC‑MULTITRAIN mgpt | shift=52 | fROI=Lang_LH_MFG | layer=19 | mean r=-0.171
ACROSS‑CIRC‑MULTITRAIN mgpt | shift=52 | fROI=Lang_LH_MFG | layer=20 | mean r=-0.160
ACROSS‑CIRC‑MULTITRAIN mgpt | shift=52 | fROI=Lang_LH_MFG | layer=21 | mean r=-0.149
ACROSS‑CIRC‑MULTITRAIN mgpt | shift=52 | fROI=Lang_LH_MFG | layer=22 | mean r=-0.138
ACROSS‑CIRC‑MULTITRAIN mgpt | shift=52 | fROI=Lang_LH_MFG | layer=23 | mean r=-0.127
ACROSS‑CIRC‑MULTITRAIN mgpt | shift=52 | fROI=Lang_LH_MFG | layer=24 | mean r=-0.141

  >>> Circular shift = 78
ACROSS‑CIRC‑MULTITRAIN mgpt | shift=78 | fROI=Lang_LH_MFG | layer=0 | mean r=-0.151
ACROSS‑CIRC‑MULTITRAIN mgpt | shift=78 | fROI=Lang_LH_MFG | layer=1 | mean r=-0.108
ACROSS‑CIRC‑MULTITRAIN mgpt | shift=78 | fROI=Lang_LH_MFG | layer=2 | mean r=-0.093
ACROSS‑CIRC‑MULTITRAIN mgpt | shift=78 | fROI=Lang_LH_MFG | layer=3 | mean r=-0.088
ACROSS‑CIRC‑MULTITRAIN mgpt | shift=78 | fROI=Lang_LH_MFG | layer=4 | mean r=-0.101
ACROSS‑CIRC‑MULTITRAIN mgpt | shift=78 | fROI=Lang_LH_MFG | layer=5 | mean r=-0.088
ACROSS‑CIRC‑MULTITRAIN mgpt | shift=78 | fROI=Lang_LH_MFG | layer=6 | mean r=-0.084
ACROSS‑CIRC‑MULTITRAIN mgpt | shift=78 | fROI=Lang_LH_MFG | layer=7 | mean r=-0.085
ACROSS‑CIRC‑MULTITRAIN mgpt | shift=78 | fROI=Lang_LH_MFG | layer=8 | mean r=-0.085
ACROSS‑CIRC‑MULTITRAIN mgpt | shift=78 | fROI=Lang_LH_MFG | layer=9 | mean r=-0.085
ACROSS‑CIRC‑MULTITRAIN mgpt | shift=78 | fROI=Lang_LH_MFG | layer=10 | mean r=-0.094
ACROSS‑CIRC‑MULTITRAIN mgpt | shift=78 | fROI=Lang_LH_MFG | layer=11 | mean r=-0.086
ACROSS‑CIRC‑MULTITRAIN mgpt | shift=78 | fROI=Lang_LH_MFG | layer=12 | mean r=-0.092
ACROSS‑CIRC‑MULTITRAIN mgpt | shift=78 | fROI=Lang_LH_MFG | layer=13 | mean r=-0.098
ACROSS‑CIRC‑MULTITRAIN mgpt | shift=78 | fROI=Lang_LH_MFG | layer=14 | mean r=-0.092
ACROSS‑CIRC‑MULTITRAIN mgpt | shift=78 | fROI=Lang_LH_MFG | layer=15 | mean r=-0.105
ACROSS‑CIRC‑MULTITRAIN mgpt | shift=78 | fROI=Lang_LH_MFG | layer=16 | mean r=-0.107
ACROSS‑CIRC‑MULTITRAIN mgpt | shift=78 | fROI=Lang_LH_MFG | layer=17 | mean r=-0.110
ACROSS‑CIRC‑MULTITRAIN mgpt | shift=78 | fROI=Lang_LH_MFG | layer=18 | mean r=-0.112
ACROSS‑CIRC‑MULTITRAIN mgpt | shift=78 | fROI=Lang_LH_MFG | layer=19 | mean r=-0.119
ACROSS‑CIRC‑MULTITRAIN mgpt | shift=78 | fROI=Lang_LH_MFG | layer=20 | mean r=-0.143
ACROSS‑CIRC‑MULTITRAIN mgpt | shift=78 | fROI=Lang_LH_MFG | layer=21 | mean r=-0.147
ACROSS‑CIRC‑MULTITRAIN mgpt | shift=78 | fROI=Lang_LH_MFG | layer=22 | mean r=-0.152
ACROSS‑CIRC‑MULTITRAIN mgpt | shift=78 | fROI=Lang_LH_MFG | layer=23 | mean r=-0.156
ACROSS‑CIRC‑MULTITRAIN mgpt | shift=78 | fROI=Lang_LH_MFG | layer=24 | mean r=-0.157

  >>> Circular shift = 104
ACROSS‑CIRC‑MULTITRAIN mgpt | shift=104 | fROI=Lang_LH_MFG | layer=0 | mean r=0.103
ACROSS‑CIRC‑MULTITRAIN mgpt | shift=104 | fROI=Lang_LH_MFG | layer=1 | mean r=0.150
ACROSS‑CIRC‑MULTITRAIN mgpt | shift=104 | fROI=Lang_LH_MFG | layer=2 | mean r=0.117
ACROSS‑CIRC‑MULTITRAIN mgpt | shift=104 | fROI=Lang_LH_MFG | layer=3 | mean r=0.099
ACROSS‑CIRC‑MULTITRAIN mgpt | shift=104 | fROI=Lang_LH_MFG | layer=4 | mean r=0.092
ACROSS‑CIRC‑MULTITRAIN mgpt | shift=104 | fROI=Lang_LH_MFG | layer=5 | mean r=0.062
ACROSS‑CIRC‑MULTITRAIN mgpt | shift=104 | fROI=Lang_LH_MFG | layer=6 | mean r=0.050
ACROSS‑CIRC‑MULTITRAIN mgpt | shift=104 | fROI=Lang_LH_MFG | layer=7 | mean r=0.050
ACROSS‑CIRC‑MULTITRAIN mgpt | shift=104 | fROI=Lang_LH_MFG | layer=8 | mean r=0.077
ACROSS‑CIRC‑MULTITRAIN mgpt | shift=104 | fROI=Lang_LH_MFG | layer=9 | mean r=0.080
ACROSS‑CIRC‑MULTITRAIN mgpt | shift=104 | fROI=Lang_LH_MFG | layer=10 | mean r=0.079
ACROSS‑CIRC‑MULTITRAIN mgpt | shift=104 | fROI=Lang_LH_MFG | layer=11 | mean r=0.074
ACROSS‑CIRC‑MULTITRAIN mgpt | shift=104 | fROI=Lang_LH_MFG | layer=12 | mean r=0.077
ACROSS‑CIRC‑MULTITRAIN mgpt | shift=104 | fROI=Lang_LH_MFG | layer=13 | mean r=0.083
ACROSS‑CIRC‑MULTITRAIN mgpt | shift=104 | fROI=Lang_LH_MFG | layer=14 | mean r=0.095
ACROSS‑CIRC‑MULTITRAIN mgpt | shift=104 | fROI=Lang_LH_MFG | layer=15 | mean r=0.106
ACROSS‑CIRC‑MULTITRAIN mgpt | shift=104 | fROI=Lang_LH_MFG | layer=16 | mean r=0.104
ACROSS‑CIRC‑MULTITRAIN mgpt | shift=104 | fROI=Lang_LH_MFG | layer=17 | mean r=0.114
ACROSS‑CIRC‑MULTITRAIN mgpt | shift=104 | fROI=Lang_LH_MFG | layer=18 | mean r=0.083
ACROSS‑CIRC‑MULTITRAIN mgpt | shift=104 | fROI=Lang_LH_MFG | layer=19 | mean r=0.067
ACROSS‑CIRC‑MULTITRAIN mgpt | shift=104 | fROI=Lang_LH_MFG | layer=20 | mean r=0.074
ACROSS‑CIRC‑MULTITRAIN mgpt | shift=104 | fROI=Lang_LH_MFG | layer=21 | mean r=0.058
ACROSS‑CIRC‑MULTITRAIN mgpt | shift=104 | fROI=Lang_LH_MFG | layer=22 | mean r=0.056
ACROSS‑CIRC‑MULTITRAIN mgpt | shift=104 | fROI=Lang_LH_MFG | layer=23 | mean r=0.071
ACROSS‑CIRC‑MULTITRAIN mgpt | shift=104 | fROI=Lang_LH_MFG | layer=24 | mean r=0.060


Processing Lang_LH_PostTemp (6/6)

  >>> Circular shift = 26
ACROSS‑CIRC‑MULTITRAIN mgpt | shift=26 | fROI=Lang_LH_PostTemp | layer=0 | mean r=0.029
ACROSS‑CIRC‑MULTITRAIN mgpt | shift=26 | fROI=Lang_LH_PostTemp | layer=1 | mean r=0.084
ACROSS‑CIRC‑MULTITRAIN mgpt | shift=26 | fROI=Lang_LH_PostTemp | layer=2 | mean r=0.053
ACROSS‑CIRC‑MULTITRAIN mgpt | shift=26 | fROI=Lang_LH_PostTemp | layer=3 | mean r=0.049
ACROSS‑CIRC‑MULTITRAIN mgpt | shift=26 | fROI=Lang_LH_PostTemp | layer=4 | mean r=0.012
ACROSS‑CIRC‑MULTITRAIN mgpt | shift=26 | fROI=Lang_LH_PostTemp | layer=5 | mean r=-0.011
ACROSS‑CIRC‑MULTITRAIN mgpt | shift=26 | fROI=Lang_LH_PostTemp | layer=6 | mean r=-0.011
ACROSS‑CIRC‑MULTITRAIN mgpt | shift=26 | fROI=Lang_LH_PostTemp | layer=7 | mean r=-0.011
ACROSS‑CIRC‑MULTITRAIN mgpt | shift=26 | fROI=Lang_LH_PostTemp | layer=8 | mean r=0.001
ACROSS‑CIRC‑MULTITRAIN mgpt | shift=26 | fROI=Lang_LH_PostTemp | layer=9 | mean r=-0.001
ACROSS‑CIRC‑MULTITRAIN mgpt | shift=26 | fROI=Lang_LH_PostTemp | layer=10 | mean r=-0.011
ACROSS‑CIRC‑MULTITRAIN mgpt | shift=26 | fROI=Lang_LH_PostTemp | layer=11 | mean r=-0.011
ACROSS‑CIRC‑MULTITRAIN mgpt | shift=26 | fROI=Lang_LH_PostTemp | layer=12 | mean r=-0.032
ACROSS‑CIRC‑MULTITRAIN mgpt | shift=26 | fROI=Lang_LH_PostTemp | layer=13 | mean r=-0.024
ACROSS‑CIRC‑MULTITRAIN mgpt | shift=26 | fROI=Lang_LH_PostTemp | layer=14 | mean r=-0.028
ACROSS‑CIRC‑MULTITRAIN mgpt | shift=26 | fROI=Lang_LH_PostTemp | layer=15 | mean r=-0.019
ACROSS‑CIRC‑MULTITRAIN mgpt | shift=26 | fROI=Lang_LH_PostTemp | layer=16 | mean r=-0.020
ACROSS‑CIRC‑MULTITRAIN mgpt | shift=26 | fROI=Lang_LH_PostTemp | layer=17 | mean r=-0.027
ACROSS‑CIRC‑MULTITRAIN mgpt | shift=26 | fROI=Lang_LH_PostTemp | layer=18 | mean r=-0.031
ACROSS‑CIRC‑MULTITRAIN mgpt | shift=26 | fROI=Lang_LH_PostTemp | layer=19 | mean r=-0.037
ACROSS‑CIRC‑MULTITRAIN mgpt | shift=26 | fROI=Lang_LH_PostTemp | layer=20 | mean r=-0.049
ACROSS‑CIRC‑MULTITRAIN mgpt | shift=26 | fROI=Lang_LH_PostTemp | layer=21 | mean r=-0.058
ACROSS‑CIRC‑MULTITRAIN mgpt | shift=26 | fROI=Lang_LH_PostTemp | layer=22 | mean r=-0.062
ACROSS‑CIRC‑MULTITRAIN mgpt | shift=26 | fROI=Lang_LH_PostTemp | layer=23 | mean r=-0.069
ACROSS‑CIRC‑MULTITRAIN mgpt | shift=26 | fROI=Lang_LH_PostTemp | layer=24 | mean r=-0.056

  >>> Circular shift = 52
ACROSS‑CIRC‑MULTITRAIN mgpt | shift=52 | fROI=Lang_LH_PostTemp | layer=0 | mean r=0.009
ACROSS‑CIRC‑MULTITRAIN mgpt | shift=52 | fROI=Lang_LH_PostTemp | layer=1 | mean r=0.002
ACROSS‑CIRC‑MULTITRAIN mgpt | shift=52 | fROI=Lang_LH_PostTemp | layer=2 | mean r=-0.036
ACROSS‑CIRC‑MULTITRAIN mgpt | shift=52 | fROI=Lang_LH_PostTemp | layer=3 | mean r=-0.017
ACROSS‑CIRC‑MULTITRAIN mgpt | shift=52 | fROI=Lang_LH_PostTemp | layer=4 | mean r=-0.064
ACROSS‑CIRC‑MULTITRAIN mgpt | shift=52 | fROI=Lang_LH_PostTemp | layer=5 | mean r=-0.097
ACROSS‑CIRC‑MULTITRAIN mgpt | shift=52 | fROI=Lang_LH_PostTemp | layer=6 | mean r=-0.125
ACROSS‑CIRC‑MULTITRAIN mgpt | shift=52 | fROI=Lang_LH_PostTemp | layer=7 | mean r=-0.130
ACROSS‑CIRC‑MULTITRAIN mgpt | shift=52 | fROI=Lang_LH_PostTemp | layer=8 | mean r=-0.115
ACROSS‑CIRC‑MULTITRAIN mgpt | shift=52 | fROI=Lang_LH_PostTemp | layer=9 | mean r=-0.129
ACROSS‑CIRC‑MULTITRAIN mgpt | shift=52 | fROI=Lang_LH_PostTemp | layer=10 | mean r=-0.138
ACROSS‑CIRC‑MULTITRAIN mgpt | shift=52 | fROI=Lang_LH_PostTemp | layer=11 | mean r=-0.133
ACROSS‑CIRC‑MULTITRAIN mgpt | shift=52 | fROI=Lang_LH_PostTemp | layer=12 | mean r=-0.140
ACROSS‑CIRC‑MULTITRAIN mgpt | shift=52 | fROI=Lang_LH_PostTemp | layer=13 | mean r=-0.136
ACROSS‑CIRC‑MULTITRAIN mgpt | shift=52 | fROI=Lang_LH_PostTemp | layer=14 | mean r=-0.127
ACROSS‑CIRC‑MULTITRAIN mgpt | shift=52 | fROI=Lang_LH_PostTemp | layer=15 | mean r=-0.109
ACROSS‑CIRC‑MULTITRAIN mgpt | shift=52 | fROI=Lang_LH_PostTemp | layer=16 | mean r=-0.117
ACROSS‑CIRC‑MULTITRAIN mgpt | shift=52 | fROI=Lang_LH_PostTemp | layer=17 | mean r=-0.104
ACROSS‑CIRC‑MULTITRAIN mgpt | shift=52 | fROI=Lang_LH_PostTemp | layer=18 | mean r=-0.091
ACROSS‑CIRC‑MULTITRAIN mgpt | shift=52 | fROI=Lang_LH_PostTemp | layer=19 | mean r=-0.094
ACROSS‑CIRC‑MULTITRAIN mgpt | shift=52 | fROI=Lang_LH_PostTemp | layer=20 | mean r=-0.083
ACROSS‑CIRC‑MULTITRAIN mgpt | shift=52 | fROI=Lang_LH_PostTemp | layer=21 | mean r=-0.081
ACROSS‑CIRC‑MULTITRAIN mgpt | shift=52 | fROI=Lang_LH_PostTemp | layer=22 | mean r=-0.063
ACROSS‑CIRC‑MULTITRAIN mgpt | shift=52 | fROI=Lang_LH_PostTemp | layer=23 | mean r=-0.053
ACROSS‑CIRC‑MULTITRAIN mgpt | shift=52 | fROI=Lang_LH_PostTemp | layer=24 | mean r=-0.088

  >>> Circular shift = 78
ACROSS‑CIRC‑MULTITRAIN mgpt | shift=78 | fROI=Lang_LH_PostTemp | layer=0 | mean r=-0.044
ACROSS‑CIRC‑MULTITRAIN mgpt | shift=78 | fROI=Lang_LH_PostTemp | layer=1 | mean r=-0.032
ACROSS‑CIRC‑MULTITRAIN mgpt | shift=78 | fROI=Lang_LH_PostTemp | layer=2 | mean r=-0.019
ACROSS‑CIRC‑MULTITRAIN mgpt | shift=78 | fROI=Lang_LH_PostTemp | layer=3 | mean r=-0.010
ACROSS‑CIRC‑MULTITRAIN mgpt | shift=78 | fROI=Lang_LH_PostTemp | layer=4 | mean r=0.014
ACROSS‑CIRC‑MULTITRAIN mgpt | shift=78 | fROI=Lang_LH_PostTemp | layer=5 | mean r=0.011
ACROSS‑CIRC‑MULTITRAIN mgpt | shift=78 | fROI=Lang_LH_PostTemp | layer=6 | mean r=-0.013
ACROSS‑CIRC‑MULTITRAIN mgpt | shift=78 | fROI=Lang_LH_PostTemp | layer=7 | mean r=-0.016
ACROSS‑CIRC‑MULTITRAIN mgpt | shift=78 | fROI=Lang_LH_PostTemp | layer=8 | mean r=-0.030
ACROSS‑CIRC‑MULTITRAIN mgpt | shift=78 | fROI=Lang_LH_PostTemp | layer=9 | mean r=-0.015
ACROSS‑CIRC‑MULTITRAIN mgpt | shift=78 | fROI=Lang_LH_PostTemp | layer=10 | mean r=-0.015
ACROSS‑CIRC‑MULTITRAIN mgpt | shift=78 | fROI=Lang_LH_PostTemp | layer=11 | mean r=0.008
ACROSS‑CIRC‑MULTITRAIN mgpt | shift=78 | fROI=Lang_LH_PostTemp | layer=12 | mean r=-0.006
ACROSS‑CIRC‑MULTITRAIN mgpt | shift=78 | fROI=Lang_LH_PostTemp | layer=13 | mean r=-0.017
ACROSS‑CIRC‑MULTITRAIN mgpt | shift=78 | fROI=Lang_LH_PostTemp | layer=14 | mean r=-0.015
ACROSS‑CIRC‑MULTITRAIN mgpt | shift=78 | fROI=Lang_LH_PostTemp | layer=15 | mean r=-0.005
ACROSS‑CIRC‑MULTITRAIN mgpt | shift=78 | fROI=Lang_LH_PostTemp | layer=16 | mean r=-0.007
ACROSS‑CIRC‑MULTITRAIN mgpt | shift=78 | fROI=Lang_LH_PostTemp | layer=17 | mean r=0.001
ACROSS‑CIRC‑MULTITRAIN mgpt | shift=78 | fROI=Lang_LH_PostTemp | layer=18 | mean r=0.021
ACROSS‑CIRC‑MULTITRAIN mgpt | shift=78 | fROI=Lang_LH_PostTemp | layer=19 | mean r=0.009
ACROSS‑CIRC‑MULTITRAIN mgpt | shift=78 | fROI=Lang_LH_PostTemp | layer=20 | mean r=0.001
ACROSS‑CIRC‑MULTITRAIN mgpt | shift=78 | fROI=Lang_LH_PostTemp | layer=21 | mean r=0.004
ACROSS‑CIRC‑MULTITRAIN mgpt | shift=78 | fROI=Lang_LH_PostTemp | layer=22 | mean r=0.007
ACROSS‑CIRC‑MULTITRAIN mgpt | shift=78 | fROI=Lang_LH_PostTemp | layer=23 | mean r=0.008
ACROSS‑CIRC‑MULTITRAIN mgpt | shift=78 | fROI=Lang_LH_PostTemp | layer=24 | mean r=0.012

  >>> Circular shift = 104
ACROSS‑CIRC‑MULTITRAIN mgpt | shift=104 | fROI=Lang_LH_PostTemp | layer=0 | mean r=-0.002
ACROSS‑CIRC‑MULTITRAIN mgpt | shift=104 | fROI=Lang_LH_PostTemp | layer=1 | mean r=-0.055
ACROSS‑CIRC‑MULTITRAIN mgpt | shift=104 | fROI=Lang_LH_PostTemp | layer=2 | mean r=0.035
ACROSS‑CIRC‑MULTITRAIN mgpt | shift=104 | fROI=Lang_LH_PostTemp | layer=3 | mean r=-0.021
ACROSS‑CIRC‑MULTITRAIN mgpt | shift=104 | fROI=Lang_LH_PostTemp | layer=4 | mean r=0.019
ACROSS‑CIRC‑MULTITRAIN mgpt | shift=104 | fROI=Lang_LH_PostTemp | layer=5 | mean r=0.085
ACROSS‑CIRC‑MULTITRAIN mgpt | shift=104 | fROI=Lang_LH_PostTemp | layer=6 | mean r=0.091
ACROSS‑CIRC‑MULTITRAIN mgpt | shift=104 | fROI=Lang_LH_PostTemp | layer=7 | mean r=0.114
ACROSS‑CIRC‑MULTITRAIN mgpt | shift=104 | fROI=Lang_LH_PostTemp | layer=8 | mean r=0.103
ACROSS‑CIRC‑MULTITRAIN mgpt | shift=104 | fROI=Lang_LH_PostTemp | layer=9 | mean r=0.115
ACROSS‑CIRC‑MULTITRAIN mgpt | shift=104 | fROI=Lang_LH_PostTemp | layer=10 | mean r=0.109
ACROSS‑CIRC‑MULTITRAIN mgpt | shift=104 | fROI=Lang_LH_PostTemp | layer=11 | mean r=0.119
ACROSS‑CIRC‑MULTITRAIN mgpt | shift=104 | fROI=Lang_LH_PostTemp | layer=12 | mean r=0.136
ACROSS‑CIRC‑MULTITRAIN mgpt | shift=104 | fROI=Lang_LH_PostTemp | layer=13 | mean r=0.136
ACROSS‑CIRC‑MULTITRAIN mgpt | shift=104 | fROI=Lang_LH_PostTemp | layer=14 | mean r=0.136
ACROSS‑CIRC‑MULTITRAIN mgpt | shift=104 | fROI=Lang_LH_PostTemp | layer=15 | mean r=0.133
ACROSS‑CIRC‑MULTITRAIN mgpt | shift=104 | fROI=Lang_LH_PostTemp | layer=16 | mean r=0.137
ACROSS‑CIRC‑MULTITRAIN mgpt | shift=104 | fROI=Lang_LH_PostTemp | layer=17 | mean r=0.129
ACROSS‑CIRC‑MULTITRAIN mgpt | shift=104 | fROI=Lang_LH_PostTemp | layer=18 | mean r=0.126
ACROSS‑CIRC‑MULTITRAIN mgpt | shift=104 | fROI=Lang_LH_PostTemp | layer=19 | mean r=0.124
ACROSS‑CIRC‑MULTITRAIN mgpt | shift=104 | fROI=Lang_LH_PostTemp | layer=20 | mean r=0.123
ACROSS‑CIRC‑MULTITRAIN mgpt | shift=104 | fROI=Lang_LH_PostTemp | layer=21 | mean r=0.123
ACROSS‑CIRC‑MULTITRAIN mgpt | shift=104 | fROI=Lang_LH_PostTemp | layer=22 | mean r=0.127
ACROSS‑CIRC‑MULTITRAIN mgpt | shift=104 | fROI=Lang_LH_PostTemp | layer=23 | mean r=0.122
ACROSS‑CIRC‑MULTITRAIN mgpt | shift=104 | fROI=Lang_LH_PostTemp | layer=24 | mean r=0.148
