>>> SCRIPT LAUNCHED
[INFO] Himalaya backend set to <module 'himalaya.backend.torch_cuda' from '/home/devar_ag/.conda/envs/reasoning-models/lib/python3.10/site-packages/himalaya/backend/torch_cuda.py'> (cuda)
>>> STARTING JOB in mode: across-random
>>> Loaded fMRI data
Processing - ACROSS mode (random)
Encoding for xglm_small – all already done
Encoding for xglm_small – Lang_LH_AntTemp already done
Encoding for xglm_small – Lang_LH_IFG already done
Encoding for xglm_small – Lang_LH_IFGorb already done
Encoding for xglm_small – Lang_LH_MFG already done
Encoding for xglm_small – Lang_LH_PostTemp already done
Encoding for xglm_med – all already done
Encoding for xglm_med – Lang_LH_AntTemp already done
Encoding for xglm_med – Lang_LH_IFG already done
Encoding for xglm_med – Lang_LH_IFGorb already done
Encoding for xglm_med – Lang_LH_MFG already done
Encoding for xglm_med – Lang_LH_PostTemp already done
Encoding for xglm_large – all already done
Encoding for xglm_large – Lang_LH_AntTemp already done
Encoding for xglm_large – Lang_LH_IFG already done
Encoding for xglm_large – Lang_LH_IFGorb already done
Encoding for xglm_large – Lang_LH_MFG already done
Encoding for xglm_large – Lang_LH_PostTemp already done
Encoding for xglm_xl – all already done
Encoding for xglm_xl – Lang_LH_AntTemp already done
Encoding for xglm_xl – Lang_LH_IFG already done
Encoding for xglm_xl – Lang_LH_IFGorb already done
Encoding for xglm_xl – Lang_LH_MFG already done
Encoding for xglm_xl – Lang_LH_PostTemp already done
Encoding for bert_base – all already done
Encoding for bert_base – Lang_LH_AntTemp already done
Encoding for bert_base – Lang_LH_IFG already done
Encoding for bert_base – Lang_LH_IFGorb already done
Encoding for bert_base – Lang_LH_MFG already done
Encoding for bert_base – Lang_LH_PostTemp already done
Encoding for distilmbert – all already done
Encoding for distilmbert – Lang_LH_AntTemp already done
Encoding for distilmbert – Lang_LH_IFG already done
Encoding for distilmbert – Lang_LH_IFGorb already done
Encoding for distilmbert – Lang_LH_MFG already done
Encoding for distilmbert – Lang_LH_PostTemp already done
Encoding for xlmr_base – all already done
Encoding for xlmr_base – Lang_LH_AntTemp already done
Encoding for xlmr_base – Lang_LH_IFG already done
Encoding for xlmr_base – Lang_LH_IFGorb already done
Encoding for xlmr_base – Lang_LH_MFG already done
Encoding for xlmr_base – Lang_LH_PostTemp already done
Encoding for xlmr_large – all already done
Encoding for xlmr_large – Lang_LH_AntTemp already done
Encoding for xlmr_large – Lang_LH_IFG already done
Encoding for xlmr_large – Lang_LH_IFGorb already done
Encoding for xlmr_large – Lang_LH_MFG already done
Encoding for xlmr_large – Lang_LH_PostTemp already done
Encoding for mt5_small – all already done
Encoding for mt5_small – Lang_LH_AntTemp already done
Encoding for mt5_small – Lang_LH_IFG already done
Encoding for mt5_small – Lang_LH_IFGorb already done
Encoding for mt5_small – Lang_LH_MFG already done
Encoding for mt5_small – Lang_LH_PostTemp already done
Encoding for mt5_base – all already done
Encoding for mt5_base – Lang_LH_AntTemp already done
Encoding for mt5_base – Lang_LH_IFG already done
Encoding for mt5_base – Lang_LH_IFGorb already done
Encoding for mt5_base – Lang_LH_MFG already done
Encoding for mt5_base – Lang_LH_PostTemp already done
Encoding for mt5_large – all already done
Encoding for mt5_large – Lang_LH_AntTemp already done
Encoding for mt5_large – Lang_LH_IFG already done
Encoding for mt5_large – Lang_LH_IFGorb already done
Encoding for mt5_large – Lang_LH_MFG already done
Encoding for mt5_large – Lang_LH_PostTemp already done
Encoding for mdeberta – all already done
Encoding for mdeberta – Lang_LH_AntTemp already done
Encoding for mdeberta – Lang_LH_IFG already done
Encoding for mdeberta – Lang_LH_IFGorb already done
Encoding for mdeberta – Lang_LH_MFG already done
Encoding for mdeberta – Lang_LH_PostTemp already done
Encoding for xlm_align – all already done
Encoding for xlm_align – Lang_LH_AntTemp already done
Encoding for xlm_align – Lang_LH_IFG already done
Encoding for xlm_align – Lang_LH_IFGorb already done
Encoding for xlm_align – Lang_LH_MFG already done
Encoding for xlm_align – Lang_LH_PostTemp already done
Encoding for infoxlm_base – all already done
Encoding for infoxlm_base – Lang_LH_AntTemp already done
Encoding for infoxlm_base – Lang_LH_IFG already done
Encoding for infoxlm_base – Lang_LH_IFGorb already done
Encoding for infoxlm_base – Lang_LH_MFG already done
Encoding for infoxlm_base – Lang_LH_PostTemp already done
Encoding for infoxlm_large – all already done
Encoding for infoxlm_large – Lang_LH_AntTemp already done
Encoding for infoxlm_large – Lang_LH_IFG already done
Encoding for infoxlm_large – Lang_LH_IFGorb already done
Encoding for infoxlm_large – Lang_LH_MFG already done
Encoding for infoxlm_large – Lang_LH_PostTemp already done
Encoding for multiminilm – all already done
Encoding for multiminilm – Lang_LH_AntTemp already done
Encoding for multiminilm – Lang_LH_IFG already done
Encoding for multiminilm – Lang_LH_IFGorb already done
Encoding for multiminilm – Lang_LH_MFG already done
Encoding for multiminilm – Lang_LH_PostTemp already done
Encoding for nllb200_distilled_600M – all already done
Encoding for nllb200_distilled_600M – Lang_LH_AntTemp already done
Encoding for nllb200_distilled_600M – Lang_LH_IFG already done
Encoding for nllb200_distilled_600M – Lang_LH_IFGorb already done
Encoding for nllb200_distilled_600M – Lang_LH_MFG already done
Encoding for nllb200_distilled_600M – Lang_LH_PostTemp already done
Encoding for nllb200_distilled_1B – all already done
Encoding for nllb200_distilled_1B – Lang_LH_AntTemp already done
Encoding for nllb200_distilled_1B – Lang_LH_IFG already done
Encoding for nllb200_distilled_1B – Lang_LH_IFGorb already done
Encoding for nllb200_distilled_1B – Lang_LH_MFG already done
Encoding for nllb200_distilled_1B – Lang_LH_PostTemp already done
Encoding for nllb200_1B – all already done
Encoding for nllb200_1B – Lang_LH_AntTemp already done
Encoding for nllb200_1B – Lang_LH_IFG already done
Encoding for nllb200_1B – Lang_LH_IFGorb already done
Encoding for nllb200_1B – Lang_LH_MFG already done
Encoding for nllb200_1B – Lang_LH_PostTemp already done
Encoding for mgpt – all already done
Encoding for mgpt – Lang_LH_AntTemp already done
Encoding for mgpt – Lang_LH_IFG already done
Encoding for mgpt – Lang_LH_IFGorb already done
Encoding for mgpt – Lang_LH_MFG already done
Encoding for mgpt – Lang_LH_PostTemp already done


Training in N-1 languages (across, random)
Encoding for xglm_small – all already done
Encoding for xglm_small – Lang_LH_AntTemp already done
Encoding for xglm_small – Lang_LH_IFG already done
Encoding for xglm_small – Lang_LH_IFGorb already done
Encoding for xglm_small – Lang_LH_MFG already done
Encoding for xglm_small – Lang_LH_PostTemp already done
Encoding for xglm_med – all already done
Encoding for xglm_med – Lang_LH_AntTemp already done
Encoding for xglm_med – Lang_LH_IFG already done
Encoding for xglm_med – Lang_LH_IFGorb already done
Encoding for xglm_med – Lang_LH_MFG already done
Encoding for xglm_med – Lang_LH_PostTemp already done
Encoding for xglm_large – all already done


Processing Lang_LH_AntTemp (2/6)

  >>> Circular shift = 26
ACROSS‑CIRC‑MULTITRAIN xglm_large | shift=26 | fROI=Lang_LH_AntTemp | layer=0 | mean r=0.050
ACROSS‑CIRC‑MULTITRAIN xglm_large | shift=26 | fROI=Lang_LH_AntTemp | layer=1 | mean r=0.081
ACROSS‑CIRC‑MULTITRAIN xglm_large | shift=26 | fROI=Lang_LH_AntTemp | layer=2 | mean r=0.073
