>>> SCRIPT LAUNCHED
>>> STARTING JOB in mode: across
>>> Loaded fMRI data
Processing - ACROSS mode
Encoding for xglm_small already done
Encoding for xglm_med already done
Encoding for xglm_large already done
Encoding for xglm_xl already done
Encoding for bert_base already done
Encoding for distilmbert already done
Encoding for xlmr_base already done
Encoding for xlmr_large already done
Encoding for mt5_small already done
Encoding for mt5_base already done
Encoding for mt5_large already done
Encoding for mdeberta already done
Encoding for xlm_align already done
Encoding for infoxlm_base already done
Encoding for infoxlm_large already done
Encoding for multiminilm already done
Encoding for nllb200_distilled_600M already done
Encoding for nllb200_distilled_1B already done
Encoding for nllb200_1B already done
Encoding for mgpt already done
Encoding for xglm_small – Lang_LH_AntTemp already done
Encoding for xglm_small – Lang_LH_IFG already done
Encoding for xglm_small – Lang_LH_IFGorb already done
Encoding for xglm_small – Lang_LH_MFG already done
Encoding for xglm_small – Lang_LH_PostTemp already done
Encoding for xglm_small – all already done
Encoding for xglm_med – Lang_LH_AntTemp already done
Encoding for xglm_med – Lang_LH_IFG already done
Encoding for xglm_med – Lang_LH_IFGorb already done
Encoding for xglm_med – Lang_LH_MFG already done
Encoding for xglm_med – Lang_LH_PostTemp already done
Encoding for xglm_med – all already done
Encoding for xglm_large – Lang_LH_AntTemp already done
Encoding for xglm_large – Lang_LH_IFG already done
Encoding for xglm_large – Lang_LH_IFGorb already done
Encoding for xglm_large – Lang_LH_MFG already done
Encoding for xglm_large – Lang_LH_PostTemp already done
Encoding for xglm_large – all already done
Encoding for xglm_xl – Lang_LH_AntTemp already done
Encoding for xglm_xl – Lang_LH_IFG already done
Encoding for xglm_xl – Lang_LH_IFGorb already done
Encoding for xglm_xl – Lang_LH_MFG already done
Encoding for xglm_xl – Lang_LH_PostTemp already done
Encoding for xglm_xl – all already done
Encoding for bert_base – Lang_LH_AntTemp already done
Encoding for bert_base – Lang_LH_IFG already done
Encoding for bert_base – Lang_LH_IFGorb already done
Encoding for bert_base – Lang_LH_MFG already done
Encoding for bert_base – Lang_LH_PostTemp already done
Encoding for bert_base – all already done
Encoding for distilmbert – Lang_LH_AntTemp already done
Encoding for distilmbert – Lang_LH_IFG already done
Encoding for distilmbert – Lang_LH_IFGorb already done
Encoding for distilmbert – Lang_LH_MFG already done
Encoding for distilmbert – Lang_LH_PostTemp already done
Encoding for distilmbert – all already done
Encoding for xlmr_base – Lang_LH_AntTemp already done
Encoding for xlmr_base – Lang_LH_IFG already done
Encoding for xlmr_base – Lang_LH_IFGorb already done
Encoding for xlmr_base – Lang_LH_MFG already done
Encoding for xlmr_base – Lang_LH_PostTemp already done
Encoding for xlmr_base – all already done
Encoding for xlmr_large – Lang_LH_AntTemp already done
Encoding for xlmr_large – Lang_LH_IFG already done
Encoding for xlmr_large – Lang_LH_IFGorb already done
Encoding for xlmr_large – Lang_LH_MFG already done
Encoding for xlmr_large – Lang_LH_PostTemp already done
Encoding for xlmr_large – all already done
Encoding for mt5_small – Lang_LH_AntTemp already done
Encoding for mt5_small – Lang_LH_IFG already done
Encoding for mt5_small – Lang_LH_IFGorb already done
Encoding for mt5_small – Lang_LH_MFG already done
Encoding for mt5_small – Lang_LH_PostTemp already done
Encoding for mt5_small – all already done
Encoding for mt5_base – Lang_LH_AntTemp already done
Encoding for mt5_base – Lang_LH_IFG already done
Encoding for mt5_base – Lang_LH_IFGorb already done
Encoding for mt5_base – Lang_LH_MFG already done
Encoding for mt5_base – Lang_LH_PostTemp already done
Encoding for mt5_base – all already done
Encoding for mt5_large – Lang_LH_AntTemp already done
Encoding for mt5_large – Lang_LH_IFG already done
Encoding for mt5_large – Lang_LH_IFGorb already done
Encoding for mt5_large – Lang_LH_MFG already done
Encoding for mt5_large – Lang_LH_PostTemp already done
Encoding for mt5_large – all already done
Encoding for mdeberta – Lang_LH_AntTemp already done
Encoding for mdeberta – Lang_LH_IFG already done
Encoding for mdeberta – Lang_LH_IFGorb already done
Encoding for mdeberta – Lang_LH_MFG already done
Encoding for mdeberta – Lang_LH_PostTemp already done
Encoding for mdeberta – all already done
Encoding for xlm_align – Lang_LH_AntTemp already done
Encoding for xlm_align – Lang_LH_IFG already done
Encoding for xlm_align – Lang_LH_IFGorb already done
Encoding for xlm_align – Lang_LH_MFG already done
Encoding for xlm_align – Lang_LH_PostTemp already done
Encoding for xlm_align – all already done
Encoding for infoxlm_base – Lang_LH_AntTemp already done
Encoding for infoxlm_base – Lang_LH_IFG already done
Encoding for infoxlm_base – Lang_LH_IFGorb already done
Encoding for infoxlm_base – Lang_LH_MFG already done
Encoding for infoxlm_base – Lang_LH_PostTemp already done
Encoding for infoxlm_base – all already done
Encoding for infoxlm_large – Lang_LH_AntTemp already done
Encoding for infoxlm_large – Lang_LH_IFG already done
Encoding for infoxlm_large – Lang_LH_IFGorb already done
Encoding for infoxlm_large – Lang_LH_MFG already done
Encoding for infoxlm_large – Lang_LH_PostTemp already done
Encoding for infoxlm_large – all already done
Encoding for multiminilm – Lang_LH_AntTemp already done


Processing Lang_LH_IFG (2/6)

  >>> Circular shift = 26
slurmstepd: error: *** JOB 42191989 ON node094 CANCELLED AT 2025-07-28T16:53:46 ***
