/home/devar_ag/.conda/envs/reasoning-models/lib/python3.10/site-packages/transformers/utils/hub.py:111: FutureWarning: Using `TRANSFORMERS_CACHE` is deprecated and will be removed in v5 of Transformers. Use `HF_HOME` instead.
  warnings.warn(
cuda available: True
gpu: NVIDIA A100 80GB PCIe

=== xlmr_large (xlm-roberta-large) ===
xlmr_large: already complete. Skipping.

=== xglm_xl (facebook/xglm-4.5B) ===
  -> 3LocalWordSwaps
  -> 4LocalWordSwaps
  -> 5LocalWordSwaps
  -> Reversed

=== xglm_large (facebook/xglm-2.9B) ===
  -> functionwords
  -> paraphrase
  -> 1LocalWordSwap
  -> 2LocalWordSwap
  -> 3LocalWordSwaps
  -> 4LocalWordSwaps
  -> 5LocalWordSwaps
  -> Reversed

=== xglm_med (facebook/xglm-1.7B) ===
  -> 2LocalWordSwap
  -> 3LocalWordSwaps
  -> 4LocalWordSwaps
  -> 5LocalWordSwaps
  -> Reversed

=== xglm_small (facebook/xglm-564M) ===
  -> contentwords
  -> nouns
  -> verbs
  -> nounsverbs
  -> nounsverbsadj
  -> functionwords
  -> paraphrase
  -> 1LocalWordSwap
  -> 2LocalWordSwap
  -> 3LocalWordSwaps
  -> 4LocalWordSwaps
  -> 5LocalWordSwaps
  -> Reversed

=== bert_base (bert-base-multilingual-cased) ===
  -> contentwords
  -> nouns
  -> verbs
  -> nounsverbs
  -> nounsverbsadj
  -> functionwords
  -> paraphrase
  -> 1LocalWordSwap
  -> 2LocalWordSwap
  -> 3LocalWordSwaps
  -> 4LocalWordSwaps
  -> 5LocalWordSwaps
  -> Reversed

=== distilmbert (distilbert-base-multilingual-cased) ===
  -> contentwords
  -> nouns
  -> verbs
  -> nounsverbs
  -> nounsverbsadj
  -> functionwords
  -> paraphrase
  -> 1LocalWordSwap
  -> 2LocalWordSwap
  -> 3LocalWordSwaps
  -> 4LocalWordSwaps
  -> 5LocalWordSwaps
  -> Reversed

=== xlmr_base (xlm-roberta-base) ===
  -> contentwords
  -> nouns
  -> verbs
  -> nounsverbs
  -> nounsverbsadj
  -> functionwords
  -> paraphrase
  -> 1LocalWordSwap
  -> 2LocalWordSwap
  -> 3LocalWordSwaps
  -> 4LocalWordSwaps
  -> 5LocalWordSwaps
  -> Reversed

=== mt5_small (google/mt5-small) ===
  -> contentwords
  -> nouns
  -> verbs
  -> nounsverbs
  -> nounsverbsadj
  -> functionwords
  -> paraphrase
  -> 1LocalWordSwap
  -> 2LocalWordSwap
  -> 3LocalWordSwaps
  -> 4LocalWordSwaps
  -> 5LocalWordSwaps
  -> Reversed

=== mt5_base (google/mt5-base) ===
  -> contentwords
  -> nouns
  -> verbs
  -> nounsverbs
  -> nounsverbsadj
  -> functionwords
  -> paraphrase
  -> 1LocalWordSwap
  -> 2LocalWordSwap
  -> 3LocalWordSwaps
  -> 4LocalWordSwaps
  -> 5LocalWordSwaps
  -> Reversed

=== mt5_large (google/mt5-large) ===
  -> contentwords
  -> nouns
  -> verbs
  -> nounsverbs
  -> nounsverbsadj
  -> functionwords
  -> paraphrase
  -> 1LocalWordSwap
  -> 2LocalWordSwap
  -> 3LocalWordSwaps
  -> 4LocalWordSwaps
  -> 5LocalWordSwaps
  -> Reversed

=== mdeberta (microsoft/mdeberta-v3-base) ===
  -> contentwords
  -> nouns
  -> verbs
  -> nounsverbs
  -> nounsverbsadj
  -> functionwords
  -> paraphrase
  -> 1LocalWordSwap
  -> 2LocalWordSwap
  -> 3LocalWordSwaps
  -> 4LocalWordSwaps
  -> 5LocalWordSwaps
  -> Reversed

=== xlm_align (microsoft/xlm-align-base) ===
  -> contentwords
  -> nouns
  -> verbs
  -> nounsverbs
  -> nounsverbsadj
  -> functionwords
  -> paraphrase
  -> 1LocalWordSwap
  -> 2LocalWordSwap
  -> 3LocalWordSwaps
  -> 4LocalWordSwaps
  -> 5LocalWordSwaps
  -> Reversed

=== infoxlm_base (microsoft/infoxlm-base) ===
  -> contentwords
  -> nouns
  -> verbs
  -> nounsverbs
  -> nounsverbsadj
  -> functionwords
  -> paraphrase
  -> 1LocalWordSwap
  -> 2LocalWordSwap
  -> 3LocalWordSwaps
  -> 4LocalWordSwaps
  -> 5LocalWordSwaps
  -> Reversed

=== infoxlm_large (microsoft/infoxlm-large) ===
  -> contentwords
  -> nouns
  -> verbs
  -> nounsverbs
  -> nounsverbsadj
  -> functionwords
  -> paraphrase
  -> 1LocalWordSwap
  -> 2LocalWordSwap
  -> 3LocalWordSwaps
  -> 4LocalWordSwaps
  -> 5LocalWordSwaps
  -> Reversed

=== multiminilm (microsoft/Multilingual-MiniLM-L12-H384) ===
  -> contentwords
  -> nouns
  -> verbs
  -> nounsverbs
  -> nounsverbsadj
  -> functionwords
  -> paraphrase
  -> 1LocalWordSwap
  -> 2LocalWordSwap
  -> 3LocalWordSwaps
  -> 4LocalWordSwaps
  -> 5LocalWordSwaps
  -> Reversed

=== mgpt (ai-forever/mGPT) ===
  -> contentwords
  -> nouns
  -> verbs
  -> nounsverbs
  -> nounsverbsadj
  -> functionwords
  -> paraphrase
  -> 1LocalWordSwap
  -> 2LocalWordSwap
  -> 3LocalWordSwaps
  -> 4LocalWordSwaps
  -> 5LocalWordSwaps
  -> Reversed

=== nllb200_distilled_600M (facebook/nllb-200-distilled-600M) ===
  -> contentwords
  -> nouns
  -> verbs
  -> nounsverbs
  -> nounsverbsadj
  -> functionwords
  -> paraphrase
  -> 1LocalWordSwap
  -> 2LocalWordSwap
  -> 3LocalWordSwaps
  -> 4LocalWordSwaps
  -> 5LocalWordSwaps
  -> Reversed

=== nllb200_distilled_1B (facebook/nllb-200-distilled-1.3B) ===
  -> contentwords
  -> nouns
  -> verbs
  -> nounsverbs
  -> nounsverbsadj
  -> functionwords
  -> paraphrase
  -> 1LocalWordSwap
  -> 2LocalWordSwap
  -> 3LocalWordSwaps
  -> 4LocalWordSwaps
  -> 5LocalWordSwaps
  -> Reversed

=== nllb200_1B (facebook/nllb-200-1.3B) ===
  -> contentwords
  -> nouns
  -> verbs
  -> nounsverbs
  -> nounsverbsadj
  -> functionwords
  -> paraphrase
  -> 1LocalWordSwap
  -> 2LocalWordSwap
  -> 3LocalWordSwaps
  -> 4LocalWordSwaps
  -> 5LocalWordSwaps
  -> Reversed

All requested models processed (or skipped if already complete).
