Training sentences: 1000, y shape: (1000,)
Semantic features: ['rating_imageability_mean', 'rating_others_thoughts_mean', 'rating_physical_mean', 'rating_places_mean', 'rating_valence_mean', 'rating_arousal_mean', 'rating_sense_mean']
Syntactic features: ['log-prob-gpt2-xl_mean', 'rating_gram_mean', 'rating_frequency_mean', 'rating_conversational_mean', 'dep_length_mean', 'avg_word_freq_zipf', 'avg_word_length']

=== xlmr_large (xlm-roberta-large): computing cross-diagnostics only ===
  [Cross-diag semantics→syntax] Computed R² for 7 cross-features at 442 steps
  [Cross-diag syntax→semantics] Computed R² for 7 cross-features at 463 steps

=== xglm_xl (facebook/xglm-4.5B): computing cross-diagnostics only ===
  [Cross-diag semantics→syntax] Computed R² for 7 cross-features at 470 steps
  [Cross-diag syntax→semantics] Computed R² for 7 cross-features at 491 steps

=== xglm_large (facebook/xglm-2.9B): computing cross-diagnostics only ===
  [Cross-diag semantics→syntax] Computed R² for 7 cross-features at 526 steps
  [Cross-diag syntax→semantics] Computed R² for 7 cross-features at 526 steps

=== xglm_med (facebook/xglm-1.7B): computing cross-diagnostics only ===
  [Cross-diag semantics→syntax] Computed R² for 7 cross-features at 484 steps
  [Cross-diag syntax→semantics] Computed R² for 7 cross-features at 456 steps

=== xglm_small (facebook/xglm-564M): computing cross-diagnostics only ===
  [Cross-diag semantics→syntax] Computed R² for 7 cross-features at 491 steps
  [Cross-diag syntax→semantics] Computed R² for 7 cross-features at 484 steps

=== bert_base (bert-base-multilingual-cased): computing cross-diagnostics only ===
  [Cross-diag semantics→syntax] Computed R² for 7 cross-features at 400 steps
  [Cross-diag syntax→semantics] Computed R² for 7 cross-features at 386 steps

=== distilmbert (distilbert-base-multilingual-cased): computing cross-diagnostics only ===
  [Cross-diag semantics→syntax] Computed R² for 7 cross-features at 393 steps
  [Cross-diag syntax→semantics] Computed R² for 7 cross-features at 414 steps

=== xlmr_base (xlm-roberta-base): computing cross-diagnostics only ===
  [Cross-diag semantics→syntax] Computed R² for 7 cross-features at 316 steps
  [Cross-diag syntax→semantics] Computed R² for 7 cross-features at 309 steps

=== mt5_small (google/mt5-small): computing cross-diagnostics only ===
  [Cross-diag semantics→syntax] Computed R² for 7 cross-features at 232 steps
  [Cross-diag syntax→semantics] Computed R² for 7 cross-features at 232 steps

=== mt5_base (google/mt5-base): computing cross-diagnostics only ===
  [Cross-diag semantics→syntax] Computed R² for 7 cross-features at 624 steps
  [Cross-diag syntax→semantics] Computed R² for 7 cross-features at 526 steps

=== mt5_large (google/mt5-large): computing cross-diagnostics only ===
  [Cross-diag semantics→syntax] Computed R² for 7 cross-features at 449 steps
  [Cross-diag syntax→semantics] Computed R² for 7 cross-features at 442 steps

=== mdeberta (microsoft/mdeberta-v3-base): computing cross-diagnostics only ===
  [Cross-diag semantics→syntax] Computed R² for 7 cross-features at 288 steps
  [Cross-diag syntax→semantics] Computed R² for 7 cross-features at 274 steps

=== xlm_align (microsoft/xlm-align-base): computing cross-diagnostics only ===
  [Cross-diag semantics→syntax] Computed R² for 7 cross-features at 295 steps
  [Cross-diag syntax→semantics] Computed R² for 7 cross-features at 288 steps

=== infoxlm_base (microsoft/infoxlm-base): computing cross-diagnostics only ===
  [Cross-diag semantics→syntax] Computed R² for 7 cross-features at 316 steps
  [Cross-diag syntax→semantics] Computed R² for 7 cross-features at 330 steps

=== infoxlm_large (microsoft/infoxlm-large): computing cross-diagnostics only ===
  [Cross-diag semantics→syntax] Computed R² for 7 cross-features at 421 steps
  [Cross-diag syntax→semantics] Computed R² for 7 cross-features at 442 steps

=== multiminilm (microsoft/Multilingual-MiniLM-L12-H384): computing cross-diagnostics only ===
  [Cross-diag semantics→syntax] Computed R² for 7 cross-features at 225 steps
  [Cross-diag syntax→semantics] Computed R² for 7 cross-features at 225 steps

=== mgpt (ai-forever/mGPT): computing cross-diagnostics only ===
  [Cross-diag semantics→syntax] Computed R² for 7 cross-features at 533 steps
  [Cross-diag syntax→semantics] Computed R² for 7 cross-features at 505 steps

=== nllb200_distilled_600M (facebook/nllb-200-distilled-600M): computing cross-diagnostics only ===
  [Cross-diag semantics→syntax] Computed R² for 7 cross-features at 414 steps
  [Cross-diag syntax→semantics] Computed R² for 7 cross-features at 435 steps

=== nllb200_distilled_1B (facebook/nllb-200-distilled-1.3B): computing cross-diagnostics only ===
  [Cross-diag semantics→syntax] Computed R² for 7 cross-features at 393 steps
  [Cross-diag syntax→semantics] Computed R² for 7 cross-features at 414 steps

=== nllb200_1B (facebook/nllb-200-1.3B): computing cross-diagnostics only ===
  [Cross-diag semantics→syntax] Computed R² for 7 cross-features at 407 steps
  [Cross-diag syntax→semantics] Computed R² for 7 cross-features at 428 steps

All models processed.
