Running on node094
PWD: /net/vast-storage/scratch/vast/evlab/devar_ag/multilingual-models-brain/additional_analyses/control
/home/devar_ag/.conda/envs/reasoning-models/bin/python
Python 3.10.18

=== xlmr_large (xlm-roberta-large) === | pending: 1
>> Training encoder for perturbation: paraphrase

=== xglm_xl (facebook/xglm-4.5B) === | pending: 1
>> Training encoder for perturbation: paraphrase

=== xglm_large (facebook/xglm-2.9B) === | pending: 1
>> Training encoder for perturbation: paraphrase

=== xglm_med (facebook/xglm-1.7B) === | pending: 1
>> Training encoder for perturbation: paraphrase

=== xglm_small (facebook/xglm-564M) === | pending: 1
>> Training encoder for perturbation: paraphrase

=== bert_base (bert-base-multilingual-cased) === | pending: 1
>> Training encoder for perturbation: paraphrase

=== distilmbert (distilbert-base-multilingual-cased) === | pending: 1
>> Training encoder for perturbation: paraphrase

=== xlmr_base (xlm-roberta-base) === | pending: 1
>> Training encoder for perturbation: paraphrase

=== mt5_small (google/mt5-small) === | pending: 1
>> Training encoder for perturbation: paraphrase

=== mt5_base (google/mt5-base) === | pending: 1
>> Training encoder for perturbation: paraphrase

=== mt5_large (google/mt5-large) === | pending: 1
>> Training encoder for perturbation: paraphrase

=== mdeberta (microsoft/mdeberta-v3-base) === | pending: 1
>> Training encoder for perturbation: paraphrase

=== xlm_align (microsoft/xlm-align-base) === | pending: 1
>> Training encoder for perturbation: paraphrase

=== infoxlm_base (microsoft/infoxlm-base) === | pending: 1
>> Training encoder for perturbation: paraphrase

=== infoxlm_large (microsoft/infoxlm-large) === | pending: 1
>> Training encoder for perturbation: paraphrase

=== multiminilm (microsoft/Multilingual-MiniLM-L12-H384) === | pending: 1
>> Training encoder for perturbation: paraphrase

=== mgpt (ai-forever/mGPT) === | pending: 1
>> Training encoder for perturbation: paraphrase

=== nllb200_distilled_600M (facebook/nllb-200-distilled-600M) === | pending: 1
>> Training encoder for perturbation: paraphrase

=== nllb200_distilled_1B (facebook/nllb-200-distilled-1.3B) === | pending: 1
>> Training encoder for perturbation: paraphrase

=== nllb200_1B (facebook/nllb-200-1.3B) === | pending: 1
>> Training encoder for perturbation: paraphrase
